exports[`Speakers view should match snapshot 1`] = `
ShallowWrapper {
  "complexSelector": ComplexSelector {
    "buildPredicate": [Function],
    "childrenOfNode": [Function],
    "findWhereUnwrapped": [Function],
  },
  "length": 1,
  "node": <Section
    className="background_orange speakers"
    id="speakers"
    name="Disertantes">
    <div
        className="speakers__grid speakers__grid--mount">
        <Speaker
            id="01"
            inst="(UBA)"
            name="Ricardo Pahlen Acuña"
            pic="01.jpg" />
        <Speaker
            id="02"
            inst="(UBA)"
            name="Ana María Campo"
            pic="02.jpg" />
        <Speaker
            id="04"
            inst="(UNTDF-UNPSJB)"
            name="Ricardo Barrera"
            pic="04.jpg" />
        <Speaker
            id="05"
            inst="(UBA)"
            name="Francisco Provenzani"
            pic="05.jpg" />
        <Speaker
            id="06"
            inst="(UBA)"
            name="Hugo Bottino"
            pic="06.jpg" />
        <Speaker
            id="07"
            inst="(UBA)"
            name="Juan Permuy"
            pic="07.jpg" />
        <Speaker
            id="08"
            inst="(UBA)"
            name="Mauricio Lambertucci"
            pic="08.jpg" />
    </div>
</Section>,
  "nodes": Array [
    <Section
      className="background_orange speakers"
      id="speakers"
      name="Disertantes">
      <div
            className="speakers__grid speakers__grid--mount">
            <Speaker
                  id="01"
                  inst="(UBA)"
                  name="Ricardo Pahlen Acuña"
                  pic="01.jpg" />
            <Speaker
                  id="02"
                  inst="(UBA)"
                  name="Ana María Campo"
                  pic="02.jpg" />
            <Speaker
                  id="04"
                  inst="(UNTDF-UNPSJB)"
                  name="Ricardo Barrera"
                  pic="04.jpg" />
            <Speaker
                  id="05"
                  inst="(UBA)"
                  name="Francisco Provenzani"
                  pic="05.jpg" />
            <Speaker
                  id="06"
                  inst="(UBA)"
                  name="Hugo Bottino"
                  pic="06.jpg" />
            <Speaker
                  id="07"
                  inst="(UBA)"
                  name="Juan Permuy"
                  pic="07.jpg" />
            <Speaker
                  id="08"
                  inst="(UBA)"
                  name="Mauricio Lambertucci"
                  pic="08.jpg" />
      </div>
</Section>,
  ],
  "options": Object {},
  "renderer": ReactShallowRenderer {
    "_instance": ShallowComponentWrapper {
      "_calledComponentWillUnmount": false,
      "_compositeType": 2,
      "_context": Object {},
      "_currentElement": <Speakers />,
      "_debugID": 3,
      "_hostContainerInfo": null,
      "_hostParent": null,
      "_instance": StatelessComponent {
        "_reactInternalInstance": [Circular],
        "context": Object {},
        "props": Object {},
        "refs": Object {},
        "state": null,
        "updater": Object {
          "enqueueCallback": [Function],
          "enqueueCallbackInternal": [Function],
          "enqueueElementInternal": [Function],
          "enqueueForceUpdate": [Function],
          "enqueueReplaceState": [Function],
          "enqueueSetState": [Function],
          "isMounted": [Function],
          "validateCallback": [Function],
        },
      },
      "_mountOrder": 2,
      "_pendingCallbacks": null,
      "_pendingElement": null,
      "_pendingForceUpdate": false,
      "_pendingReplaceState": false,
      "_pendingStateQueue": null,
      "_renderedComponent": NoopInternalComponent {
        "_currentElement": <Section
          className="background_orange speakers"
          id="speakers"
          name="Disertantes">
          <div
                    className="speakers__grid speakers__grid--mount">
                    <Speaker
                              id="01"
                              inst="(UBA)"
                              name="Ricardo Pahlen Acuña"
                              pic="01.jpg" />
                    <Speaker
                              id="02"
                              inst="(UBA)"
                              name="Ana María Campo"
                              pic="02.jpg" />
                    <Speaker
                              id="04"
                              inst="(UNTDF-UNPSJB)"
                              name="Ricardo Barrera"
                              pic="04.jpg" />
                    <Speaker
                              id="05"
                              inst="(UBA)"
                              name="Francisco Provenzani"
                              pic="05.jpg" />
                    <Speaker
                              id="06"
                              inst="(UBA)"
                              name="Hugo Bottino"
                              pic="06.jpg" />
                    <Speaker
                              id="07"
                              inst="(UBA)"
                              name="Juan Permuy"
                              pic="07.jpg" />
                    <Speaker
                              id="08"
                              inst="(UBA)"
                              name="Mauricio Lambertucci"
                              pic="08.jpg" />
          </div>
</Section>,
        "_debugID": 4,
        "_renderedOutput": <Section
          className="background_orange speakers"
          id="speakers"
          name="Disertantes">
          <div
                    className="speakers__grid speakers__grid--mount">
                    <Speaker
                              id="01"
                              inst="(UBA)"
                              name="Ricardo Pahlen Acuña"
                              pic="01.jpg" />
                    <Speaker
                              id="02"
                              inst="(UBA)"
                              name="Ana María Campo"
                              pic="02.jpg" />
                    <Speaker
                              id="04"
                              inst="(UNTDF-UNPSJB)"
                              name="Ricardo Barrera"
                              pic="04.jpg" />
                    <Speaker
                              id="05"
                              inst="(UBA)"
                              name="Francisco Provenzani"
                              pic="05.jpg" />
                    <Speaker
                              id="06"
                              inst="(UBA)"
                              name="Hugo Bottino"
                              pic="06.jpg" />
                    <Speaker
                              id="07"
                              inst="(UBA)"
                              name="Juan Permuy"
                              pic="07.jpg" />
                    <Speaker
                              id="08"
                              inst="(UBA)"
                              name="Mauricio Lambertucci"
                              pic="08.jpg" />
          </div>
</Section>,
      },
      "_renderedNodeType": 1,
      "_rootNodeID": 0,
      "_topLevelWrapper": null,
      "_updateBatchNumber": null,
      "_warnedAboutRefsInRender": false,
    },
    "getRenderOutput": [Function],
    "render": [Function],
  },
  "root": [Circular],
  "unrendered": <Speakers />,
}
`;
