exports[`Navbar should match snapshot 1`] = `
ShallowWrapper {
  "complexSelector": ComplexSelector {
    "buildPredicate": [Function],
    "childrenOfNode": [Function],
    "findWhereUnwrapped": [Function],
  },
  "length": 1,
  "node": <FadeIn
    onRest={[Function]}>
    <header
        className="top-nav "
        role="banner">
        <div
            className="top-nav__on-top">
            <div
                className="logo-container">
                <img
                    alt="logo"
                    className="logo"
                    src="logo.svg" />
            </div>
            <div
                className="hamburger"
                onClick={[Function]}>
                <Motion
                    defaultStyle={
                        Object {
                            "x": 0,
                          }
                    }
                    style={
                        Object {
                            "x": Object {
                              "damping": 14,
                              "precision": 0.01,
                              "stiffness": 120,
                              "val": 1,
                            },
                          }
                    }>
                    [Function]
                </Motion>
            </div>
            <List
                topNav={true} />
        </div>
    </header>
</FadeIn>,
  "nodes": Array [
    <FadeIn
      onRest={[Function]}>
      <header
            className="top-nav "
            role="banner">
            <div
                  className="top-nav__on-top">
                  <div
                        className="logo-container">
                        <img
                              alt="logo"
                              className="logo"
                              src="logo.svg" />
                  </div>
                  <div
                        className="hamburger"
                        onClick={[Function]}>
                        <Motion
                              defaultStyle={
                                    Object {
                                          "x": 0,
                                        }
                              }
                              style={
                                    Object {
                                          "x": Object {
                                            "damping": 14,
                                            "precision": 0.01,
                                            "stiffness": 120,
                                            "val": 1,
                                          },
                                        }
                              }>
                              [Function]
                        </Motion>
                  </div>
                  <List
                        topNav={true} />
            </div>
      </header>
</FadeIn>,
  ],
  "options": Object {},
  "renderer": ReactShallowRenderer {
    "_instance": ShallowComponentWrapper {
      "_calledComponentWillUnmount": false,
      "_compositeType": 0,
      "_context": Object {},
      "_currentElement": <Navbar />,
      "_debugID": 3,
      "_hostContainerInfo": null,
      "_hostParent": null,
      "_instance": Navbar {
        "_reactInternalInstance": [Circular],
        "context": Object {},
        "props": Object {},
        "refs": Object {},
        "state": Object {
          "navOpen": false,
        },
        "updater": Object {
          "enqueueCallback": [Function],
          "enqueueCallbackInternal": [Function],
          "enqueueElementInternal": [Function],
          "enqueueForceUpdate": [Function],
          "enqueueReplaceState": [Function],
          "enqueueSetState": [Function],
          "isMounted": [Function],
          "validateCallback": [Function],
        },
      },
      "_mountOrder": 2,
      "_pendingCallbacks": null,
      "_pendingElement": null,
      "_pendingForceUpdate": false,
      "_pendingReplaceState": false,
      "_pendingStateQueue": null,
      "_renderedComponent": NoopInternalComponent {
        "_currentElement": <FadeIn
          onRest={[Function]}>
          <header
                    className="top-nav "
                    role="banner">
                    <div
                              className="top-nav__on-top">
                              <div
                                        className="logo-container">
                                        <img
                                                  alt="logo"
                                                  className="logo"
                                                  src="logo.svg" />
                              </div>
                              <div
                                        className="hamburger"
                                        onClick={[Function]}>
                                        <Motion
                                                  defaultStyle={
                                                            Object {
                                                                      "x": 0,
                                                                    }
                                                  }
                                                  style={
                                                            Object {
                                                                      "x": Object {
                                                                        "damping": 14,
                                                                        "precision": 0.01,
                                                                        "stiffness": 120,
                                                                        "val": 1,
                                                                      },
                                                                    }
                                                  }>
                                                  [Function]
                                        </Motion>
                              </div>
                              <List
                                        topNav={true} />
                    </div>
          </header>
</FadeIn>,
        "_debugID": 4,
        "_renderedOutput": <FadeIn
          onRest={[Function]}>
          <header
                    className="top-nav "
                    role="banner">
                    <div
                              className="top-nav__on-top">
                              <div
                                        className="logo-container">
                                        <img
                                                  alt="logo"
                                                  className="logo"
                                                  src="logo.svg" />
                              </div>
                              <div
                                        className="hamburger"
                                        onClick={[Function]}>
                                        <Motion
                                                  defaultStyle={
                                                            Object {
                                                                      "x": 0,
                                                                    }
                                                  }
                                                  style={
                                                            Object {
                                                                      "x": Object {
                                                                        "damping": 14,
                                                                        "precision": 0.01,
                                                                        "stiffness": 120,
                                                                        "val": 1,
                                                                      },
                                                                    }
                                                  }>
                                                  [Function]
                                        </Motion>
                              </div>
                              <List
                                        topNav={true} />
                    </div>
          </header>
</FadeIn>,
      },
      "_renderedNodeType": 1,
      "_rootNodeID": 0,
      "_topLevelWrapper": null,
      "_updateBatchNumber": null,
      "_warnedAboutRefsInRender": false,
    },
    "getRenderOutput": [Function],
    "render": [Function],
  },
  "root": [Circular],
  "unrendered": <Navbar />,
}
`;
